// Jest Snapshot v1, https://goo.gl/fbAQLP

exports[`Snapshot 1`] = `
Object {
  "Outputs": Object {
    "distribution": Object {
      "Value": Object {
        "Fn::GetAtt": Array [
          "CloudfrontDistributionE1C514EC",
          "DomainName",
        ],
      },
    },
    "siteBucket": Object {
      "Value": Object {
        "Ref": "websiteBucket74B0F9E5",
      },
    },
  },
  "Parameters": Object {
    "BootstrapVersion": Object {
      "Default": "/cdk-bootstrap/hnb659fds/version",
      "Description": "Version of the CDK Bootstrap resources in this environment, automatically retrieved from SSM Parameter Store. [cdk:skip]",
      "Type": "AWS::SSM::Parameter::Value<String>",
    },
  },
  "Resources": Object {
    "AWS679f53fac002430cb0da5b7982bd22872D164C4C": Object {
      "DependsOn": Array [
        "AWS679f53fac002430cb0da5b7982bd2287ServiceRoleC1EA0FF2",
      ],
      "Properties": Object {
        "Code": Object {
          "S3Bucket": Object {
            "Fn::Sub": "cdk-hnb659fds-assets-\${AWS::AccountId}-\${AWS::Region}",
          },
          "S3Key": "6dbd112fe448437b3438da4382c72fccbb7d2ee1543db222620d7447fffebc50.zip",
        },
        "Handler": "index.handler",
        "Role": Object {
          "Fn::GetAtt": Array [
            "AWS679f53fac002430cb0da5b7982bd2287ServiceRoleC1EA0FF2",
            "Arn",
          ],
        },
        "Runtime": "nodejs14.x",
        "Timeout": 120,
      },
      "Type": "AWS::Lambda::Function",
    },
    "AWS679f53fac002430cb0da5b7982bd2287ServiceRoleC1EA0FF2": Object {
      "Properties": Object {
        "AssumeRolePolicyDocument": Object {
          "Statement": Array [
            Object {
              "Action": "sts:AssumeRole",
              "Effect": "Allow",
              "Principal": Object {
                "Service": "lambda.amazonaws.com",
              },
            },
          ],
          "Version": "2012-10-17",
        },
        "ManagedPolicyArns": Array [
          Object {
            "Fn::Join": Array [
              "",
              Array [
                "arn:",
                Object {
                  "Ref": "AWS::Partition",
                },
                ":iam::aws:policy/service-role/AWSLambdaBasicExecutionRole",
              ],
            ],
          },
        ],
      },
      "Type": "AWS::IAM::Role",
    },
    "CloudfrontDistributionE1C514EC": Object {
      "Properties": Object {
        "DistributionConfig": Object {
          "DefaultCacheBehavior": Object {
            "CachePolicyId": "4135ea2d-6df8-44a3-9df3-4b5a84be39ad",
            "Compress": true,
            "TargetOriginId": "FrontEndCloudfrontDistributionOrigin1F60BED5C",
            "ViewerProtocolPolicy": "redirect-to-https",
          },
          "DefaultRootObject": "index.html",
          "Enabled": true,
          "HttpVersion": "http2",
          "IPV6Enabled": true,
          "Logging": Object {
            "Bucket": Object {
              "Fn::GetAtt": Array [
                "CloudfrontDistributionLoggingBucketC7C0DD61",
                "RegionalDomainName",
              ],
            },
          },
          "Origins": Array [
            Object {
              "DomainName": Object {
                "Fn::GetAtt": Array [
                  "websiteBucket74B0F9E5",
                  "RegionalDomainName",
                ],
              },
              "Id": "FrontEndCloudfrontDistributionOrigin1F60BED5C",
              "S3OriginConfig": Object {
                "OriginAccessIdentity": Object {
                  "Fn::Join": Array [
                    "",
                    Array [
                      "origin-access-identity/cloudfront/",
                      Object {
                        "Ref": "CloudfrontDistributionOrigin1S3Origin80C6EA5F",
                      },
                    ],
                  ],
                },
              },
            },
          ],
        },
      },
      "Type": "AWS::CloudFront::Distribution",
    },
    "CloudfrontDistributionLoggingBucketC7C0DD61": Object {
      "DeletionPolicy": "Retain",
      "Properties": Object {
        "BucketEncryption": Object {
          "ServerSideEncryptionConfiguration": Array [
            Object {
              "ServerSideEncryptionByDefault": Object {
                "SSEAlgorithm": "AES256",
              },
            },
          ],
        },
      },
      "Type": "AWS::S3::Bucket",
      "UpdateReplacePolicy": "Retain",
    },
    "CloudfrontDistributionOrigin1S3Origin80C6EA5F": Object {
      "Properties": Object {
        "CloudFrontOriginAccessIdentityConfig": Object {
          "Comment": "Identity for FrontEndCloudfrontDistributionOrigin1F60BED5C",
        },
      },
      "Type": "AWS::CloudFront::CloudFrontOriginAccessIdentity",
    },
    "ConfigFrontEnd359F460A": Object {
      "DeletionPolicy": "Delete",
      "DependsOn": Array [
        "ConfigFrontEndCustomResourcePolicyD9A2DBD8",
      ],
      "Properties": Object {
        "Create": Object {
          "Fn::Join": Array [
            "",
            Array [
              "{\\"service\\":\\"S3\\",\\"action\\":\\"putObject\\",\\"parameters\\":{\\"Body\\":\\"{\\\\\\"apiUrl\\\\\\":\\\\\\"",
              Object {
                "Fn::ImportValue": "randomChatWithStreamingApiUrl",
              },
              "\\\\\\"}\\",\\"Bucket\\":\\"",
              Object {
                "Ref": "websiteBucket74B0F9E5",
              },
              "\\",\\"Key\\":\\"config.json\\"},\\"physicalResourceId\\":{\\"id\\":\\"1660947750037\\"}}",
            ],
          ],
        },
        "InstallLatestAwsSdk": true,
        "ServiceToken": Object {
          "Fn::GetAtt": Array [
            "AWS679f53fac002430cb0da5b7982bd22872D164C4C",
            "Arn",
          ],
        },
        "Update": Object {
          "Fn::Join": Array [
            "",
            Array [
              "{\\"service\\":\\"S3\\",\\"action\\":\\"putObject\\",\\"parameters\\":{\\"Body\\":\\"{\\\\\\"apiUrl\\\\\\":\\\\\\"",
              Object {
                "Fn::ImportValue": "randomChatWithStreamingApiUrl",
              },
              "\\\\\\"}\\",\\"Bucket\\":\\"",
              Object {
                "Ref": "websiteBucket74B0F9E5",
              },
              "\\",\\"Key\\":\\"config.json\\"},\\"physicalResourceId\\":{\\"id\\":\\"1660947750037\\"}}",
            ],
          ],
        },
      },
      "Type": "Custom::AWS",
      "UpdateReplacePolicy": "Delete",
    },
    "ConfigFrontEndCustomResourcePolicyD9A2DBD8": Object {
      "Properties": Object {
        "PolicyDocument": Object {
          "Statement": Array [
            Object {
              "Action": "s3:PutObject",
              "Effect": "Allow",
              "Resource": "*",
            },
          ],
          "Version": "2012-10-17",
        },
        "PolicyName": "ConfigFrontEndCustomResourcePolicyD9A2DBD8",
        "Roles": Array [
          Object {
            "Ref": "AWS679f53fac002430cb0da5b7982bd2287ServiceRoleC1EA0FF2",
          },
        ],
      },
      "Type": "AWS::IAM::Policy",
    },
    "CustomCDKBucketDeployment8693BB64968944B69AAFB0CC9EB8756C81C01536": Object {
      "DependsOn": Array [
        "CustomCDKBucketDeployment8693BB64968944B69AAFB0CC9EB8756CServiceRoleDefaultPolicy88902FDF",
        "CustomCDKBucketDeployment8693BB64968944B69AAFB0CC9EB8756CServiceRole89A01265",
      ],
      "Properties": Object {
        "Code": Object {
          "S3Bucket": Object {
            "Fn::Sub": "cdk-hnb659fds-assets-\${AWS::AccountId}-\${AWS::Region}",
          },
          "S3Key": "f98b78092dcdd31f5e6d47489beb5f804d4835ef86a8085d0a2053cb9ae711da.zip",
        },
        "Handler": "index.handler",
        "Layers": Array [
          Object {
            "Ref": "DeployBucketAwsCliLayerF2A9A1EB",
          },
        ],
        "Role": Object {
          "Fn::GetAtt": Array [
            "CustomCDKBucketDeployment8693BB64968944B69AAFB0CC9EB8756CServiceRole89A01265",
            "Arn",
          ],
        },
        "Runtime": "python3.9",
        "Timeout": 900,
      },
      "Type": "AWS::Lambda::Function",
    },
    "CustomCDKBucketDeployment8693BB64968944B69AAFB0CC9EB8756CServiceRole89A01265": Object {
      "Properties": Object {
        "AssumeRolePolicyDocument": Object {
          "Statement": Array [
            Object {
              "Action": "sts:AssumeRole",
              "Effect": "Allow",
              "Principal": Object {
                "Service": "lambda.amazonaws.com",
              },
            },
          ],
          "Version": "2012-10-17",
        },
        "ManagedPolicyArns": Array [
          Object {
            "Fn::Join": Array [
              "",
              Array [
                "arn:",
                Object {
                  "Ref": "AWS::Partition",
                },
                ":iam::aws:policy/service-role/AWSLambdaBasicExecutionRole",
              ],
            ],
          },
        ],
      },
      "Type": "AWS::IAM::Role",
    },
    "CustomCDKBucketDeployment8693BB64968944B69AAFB0CC9EB8756CServiceRoleDefaultPolicy88902FDF": Object {
      "Properties": Object {
        "PolicyDocument": Object {
          "Statement": Array [
            Object {
              "Action": Array [
                "s3:GetObject*",
                "s3:GetBucket*",
                "s3:List*",
              ],
              "Effect": "Allow",
              "Resource": Array [
                Object {
                  "Fn::Join": Array [
                    "",
                    Array [
                      "arn:",
                      Object {
                        "Ref": "AWS::Partition",
                      },
                      ":s3:::",
                      Object {
                        "Fn::Sub": "cdk-hnb659fds-assets-\${AWS::AccountId}-\${AWS::Region}",
                      },
                    ],
                  ],
                },
                Object {
                  "Fn::Join": Array [
                    "",
                    Array [
                      "arn:",
                      Object {
                        "Ref": "AWS::Partition",
                      },
                      ":s3:::",
                      Object {
                        "Fn::Sub": "cdk-hnb659fds-assets-\${AWS::AccountId}-\${AWS::Region}",
                      },
                      "/*",
                    ],
                  ],
                },
              ],
            },
            Object {
              "Action": Array [
                "s3:GetObject*",
                "s3:GetBucket*",
                "s3:List*",
                "s3:DeleteObject*",
                "s3:PutObject",
                "s3:PutObjectLegalHold",
                "s3:PutObjectRetention",
                "s3:PutObjectTagging",
                "s3:PutObjectVersionTagging",
                "s3:Abort*",
              ],
              "Effect": "Allow",
              "Resource": Array [
                Object {
                  "Fn::GetAtt": Array [
                    "websiteBucket74B0F9E5",
                    "Arn",
                  ],
                },
                Object {
                  "Fn::Join": Array [
                    "",
                    Array [
                      Object {
                        "Fn::GetAtt": Array [
                          "websiteBucket74B0F9E5",
                          "Arn",
                        ],
                      },
                      "/*",
                    ],
                  ],
                },
              ],
            },
            Object {
              "Action": Array [
                "cloudfront:GetInvalidation",
                "cloudfront:CreateInvalidation",
              ],
              "Effect": "Allow",
              "Resource": "*",
            },
          ],
          "Version": "2012-10-17",
        },
        "PolicyName": "CustomCDKBucketDeployment8693BB64968944B69AAFB0CC9EB8756CServiceRoleDefaultPolicy88902FDF",
        "Roles": Array [
          Object {
            "Ref": "CustomCDKBucketDeployment8693BB64968944B69AAFB0CC9EB8756CServiceRole89A01265",
          },
        ],
      },
      "Type": "AWS::IAM::Policy",
    },
    "CustomS3AutoDeleteObjectsCustomResourceProviderHandler9D90184F": Object {
      "DependsOn": Array [
        "CustomS3AutoDeleteObjectsCustomResourceProviderRole3B1BD092",
      ],
      "Properties": Object {
        "Code": Object {
          "S3Bucket": Object {
            "Fn::Sub": "cdk-hnb659fds-assets-\${AWS::AccountId}-\${AWS::Region}",
          },
          "S3Key": "e57c1acaa363d7d2b81736776007a7091bc73dff4aeb8135627c4511a51e7dca.zip",
        },
        "Description": Object {
          "Fn::Join": Array [
            "",
            Array [
              "Lambda function for auto-deleting objects in ",
              Object {
                "Ref": "websiteBucket74B0F9E5",
              },
              " S3 bucket.",
            ],
          ],
        },
        "Handler": "__entrypoint__.handler",
        "MemorySize": 128,
        "Role": Object {
          "Fn::GetAtt": Array [
            "CustomS3AutoDeleteObjectsCustomResourceProviderRole3B1BD092",
            "Arn",
          ],
        },
        "Runtime": "nodejs14.x",
        "Timeout": 900,
      },
      "Type": "AWS::Lambda::Function",
    },
    "CustomS3AutoDeleteObjectsCustomResourceProviderRole3B1BD092": Object {
      "Properties": Object {
        "AssumeRolePolicyDocument": Object {
          "Statement": Array [
            Object {
              "Action": "sts:AssumeRole",
              "Effect": "Allow",
              "Principal": Object {
                "Service": "lambda.amazonaws.com",
              },
            },
          ],
          "Version": "2012-10-17",
        },
        "ManagedPolicyArns": Array [
          Object {
            "Fn::Sub": "arn:\${AWS::Partition}:iam::aws:policy/service-role/AWSLambdaBasicExecutionRole",
          },
        ],
      },
      "Type": "AWS::IAM::Role",
    },
    "DeployBucketAwsCliLayerF2A9A1EB": Object {
      "Properties": Object {
        "Content": Object {
          "S3Bucket": Object {
            "Fn::Sub": "cdk-hnb659fds-assets-\${AWS::AccountId}-\${AWS::Region}",
          },
          "S3Key": "2cbb4c8a663eb2c903e9cef3ad44c9b47d48b0a2cd35dfc270a23bf93b2ecf1f.zip",
        },
        "Description": "/opt/awscli/aws",
      },
      "Type": "AWS::Lambda::LayerVersion",
    },
    "DeployBucketCustomResourceC9B80175": Object {
      "DeletionPolicy": "Delete",
      "Properties": Object {
        "DestinationBucketName": Object {
          "Ref": "websiteBucket74B0F9E5",
        },
        "DistributionId": Object {
          "Ref": "CloudfrontDistributionE1C514EC",
        },
        "DistributionPaths": Array [
          "/*",
        ],
        "Prune": false,
        "ServiceToken": Object {
          "Fn::GetAtt": Array [
            "CustomCDKBucketDeployment8693BB64968944B69AAFB0CC9EB8756C81C01536",
            "Arn",
          ],
        },
        "SourceBucketNames": Array [
          Object {
            "Fn::Sub": "cdk-hnb659fds-assets-\${AWS::AccountId}-\${AWS::Region}",
          },
        ],
        "SourceObjectKeys": Array [
          "7a7186051d6fce65e10ce6d1aa0a88442a57c9ea66cd43064f9d42482578f7da.zip",
        ],
      },
      "Type": "Custom::CDKBucketDeployment",
      "UpdateReplacePolicy": "Delete",
    },
    "websiteBucket74B0F9E5": Object {
      "DeletionPolicy": "Delete",
      "Properties": Object {
        "Tags": Array [
          Object {
            "Key": "aws-cdk:auto-delete-objects",
            "Value": "true",
          },
          Object {
            "Key": "aws-cdk:cr-owned:c97ebe1f",
            "Value": "true",
          },
        ],
      },
      "Type": "AWS::S3::Bucket",
      "UpdateReplacePolicy": "Delete",
    },
    "websiteBucketAutoDeleteObjectsCustomResource3492E703": Object {
      "DeletionPolicy": "Delete",
      "DependsOn": Array [
        "websiteBucketPolicy112A7E46",
      ],
      "Properties": Object {
        "BucketName": Object {
          "Ref": "websiteBucket74B0F9E5",
        },
        "ServiceToken": Object {
          "Fn::GetAtt": Array [
            "CustomS3AutoDeleteObjectsCustomResourceProviderHandler9D90184F",
            "Arn",
          ],
        },
      },
      "Type": "Custom::S3AutoDeleteObjects",
      "UpdateReplacePolicy": "Delete",
    },
    "websiteBucketPolicy112A7E46": Object {
      "Properties": Object {
        "Bucket": Object {
          "Ref": "websiteBucket74B0F9E5",
        },
        "PolicyDocument": Object {
          "Statement": Array [
            Object {
              "Action": Array [
                "s3:GetBucket*",
                "s3:List*",
                "s3:DeleteObject*",
              ],
              "Effect": "Allow",
              "Principal": Object {
                "AWS": Object {
                  "Fn::GetAtt": Array [
                    "CustomS3AutoDeleteObjectsCustomResourceProviderRole3B1BD092",
                    "Arn",
                  ],
                },
              },
              "Resource": Array [
                Object {
                  "Fn::GetAtt": Array [
                    "websiteBucket74B0F9E5",
                    "Arn",
                  ],
                },
                Object {
                  "Fn::Join": Array [
                    "",
                    Array [
                      Object {
                        "Fn::GetAtt": Array [
                          "websiteBucket74B0F9E5",
                          "Arn",
                        ],
                      },
                      "/*",
                    ],
                  ],
                },
              ],
            },
            Object {
              "Action": "s3:GetObject",
              "Effect": "Allow",
              "Principal": Object {
                "CanonicalUser": Object {
                  "Fn::GetAtt": Array [
                    "CloudfrontDistributionOrigin1S3Origin80C6EA5F",
                    "S3CanonicalUserId",
                  ],
                },
              },
              "Resource": Object {
                "Fn::Join": Array [
                  "",
                  Array [
                    Object {
                      "Fn::GetAtt": Array [
                        "websiteBucket74B0F9E5",
                        "Arn",
                      ],
                    },
                    "/*",
                  ],
                ],
              },
            },
          ],
          "Version": "2012-10-17",
        },
      },
      "Type": "AWS::S3::BucketPolicy",
    },
  },
  "Rules": Object {
    "CheckBootstrapVersion": Object {
      "Assertions": Array [
        Object {
          "Assert": Object {
            "Fn::Not": Array [
              Object {
                "Fn::Contains": Array [
                  Array [
                    "1",
                    "2",
                    "3",
                    "4",
                    "5",
                  ],
                  Object {
                    "Ref": "BootstrapVersion",
                  },
                ],
              },
            ],
          },
          "AssertDescription": "CDK bootstrap stack version 6 required. Please run 'cdk bootstrap' with a recent version of the CDK CLI.",
        },
      ],
    },
  },
}
`;

exports[`Snapshot 2`] = `
Object {
  "Outputs": Object {
    "apiUrl": Object {
      "Export": Object {
        "Name": "randomChatWithStreamingApiUrl",
      },
      "Value": Object {
        "Fn::Join": Array [
          "",
          Array [
            "https://",
            Object {
              "Ref": "infrastructureChimeSDKMeetingAPI0524B384",
            },
            ".execute-api.",
            Object {
              "Ref": "AWS::Region",
            },
            ".",
            Object {
              "Ref": "AWS::URLSuffix",
            },
            "/",
            Object {
              "Ref": "infrastructureChimeSDKMeetingAPIDeploymentStageprodDDE3819A",
            },
            "/",
          ],
        ],
      },
    },
    "infrastructureChimeSDKMeetingAPIEndpointA3077C32": Object {
      "Value": Object {
        "Fn::Join": Array [
          "",
          Array [
            "https://",
            Object {
              "Ref": "infrastructureChimeSDKMeetingAPI0524B384",
            },
            ".execute-api.",
            Object {
              "Ref": "AWS::Region",
            },
            ".",
            Object {
              "Ref": "AWS::URLSuffix",
            },
            "/",
            Object {
              "Ref": "infrastructureChimeSDKMeetingAPIDeploymentStageprodDDE3819A",
            },
            "/",
          ],
        ],
      },
    },
  },
  "Parameters": Object {
    "BootstrapVersion": Object {
      "Default": "/cdk-bootstrap/hnb659fds/version",
      "Description": "Version of the CDK Bootstrap resources in this environment, automatically retrieved from SSM Parameter Store. [cdk:skip]",
      "Type": "AWS::SSM::Parameter::Value<String>",
    },
  },
  "Resources": Object {
    "infrastructureChimeSDKMeetingAPI0524B384": Object {
      "Properties": Object {
        "EndpointConfiguration": Object {
          "Types": Array [
            "REGIONAL",
          ],
        },
        "Name": "ChimeSDKMeetingAPI",
      },
      "Type": "AWS::ApiGateway::RestApi",
    },
    "infrastructureChimeSDKMeetingAPIAccount6336B0F1": Object {
      "DependsOn": Array [
        "infrastructureChimeSDKMeetingAPI0524B384",
      ],
      "Properties": Object {
        "CloudWatchRoleArn": Object {
          "Fn::GetAtt": Array [
            "infrastructureChimeSDKMeetingAPICloudWatchRole61899E44",
            "Arn",
          ],
        },
      },
      "Type": "AWS::ApiGateway::Account",
    },
    "infrastructureChimeSDKMeetingAPICloudWatchRole61899E44": Object {
      "Properties": Object {
        "AssumeRolePolicyDocument": Object {
          "Statement": Array [
            Object {
              "Action": "sts:AssumeRole",
              "Effect": "Allow",
              "Principal": Object {
                "Service": "apigateway.amazonaws.com",
              },
            },
          ],
          "Version": "2012-10-17",
        },
        "ManagedPolicyArns": Array [
          Object {
            "Fn::Join": Array [
              "",
              Array [
                "arn:",
                Object {
                  "Ref": "AWS::Partition",
                },
                ":iam::aws:policy/service-role/AmazonAPIGatewayPushToCloudWatchLogs",
              ],
            ],
          },
        ],
      },
      "Type": "AWS::IAM::Role",
    },
    "infrastructureChimeSDKMeetingAPIDeploymentBBBB89965fb837aa2ed8a3c4f783ba9dc364d1b1": Object {
      "DependsOn": Array [
        "infrastructureChimeSDKMeetingAPIendOPTIONS531B838C",
        "infrastructureChimeSDKMeetingAPIendPOSTE9B3F16A",
        "infrastructureChimeSDKMeetingAPIend5647DEB6",
        "infrastructureChimeSDKMeetingAPIjoinOPTIONS7CC1A74F",
        "infrastructureChimeSDKMeetingAPIjoinPOST7D618D65",
        "infrastructureChimeSDKMeetingAPIjoin290CDE2D",
        "infrastructureChimeSDKMeetingAPIOPTIONS0F18E938",
        "infrastructureChimeSDKMeetingAPIstreamOPTIONS267A1BAB",
        "infrastructureChimeSDKMeetingAPIstreamPOSTB640DEF2",
        "infrastructureChimeSDKMeetingAPIstreamE28D3C2F",
      ],
      "Properties": Object {
        "Description": "Automatically created by the RestApi construct",
        "RestApiId": Object {
          "Ref": "infrastructureChimeSDKMeetingAPI0524B384",
        },
      },
      "Type": "AWS::ApiGateway::Deployment",
    },
    "infrastructureChimeSDKMeetingAPIDeploymentStageprodDDE3819A": Object {
      "DependsOn": Array [
        "infrastructureChimeSDKMeetingAPIAccount6336B0F1",
      ],
      "Properties": Object {
        "DeploymentId": Object {
          "Ref": "infrastructureChimeSDKMeetingAPIDeploymentBBBB89965fb837aa2ed8a3c4f783ba9dc364d1b1",
        },
        "MethodSettings": Array [
          Object {
            "DataTraceEnabled": true,
            "HttpMethod": "*",
            "LoggingLevel": "INFO",
            "ResourcePath": "/*",
          },
        ],
        "RestApiId": Object {
          "Ref": "infrastructureChimeSDKMeetingAPI0524B384",
        },
        "StageName": "prod",
      },
      "Type": "AWS::ApiGateway::Stage",
    },
    "infrastructureChimeSDKMeetingAPIOPTIONS0F18E938": Object {
      "Properties": Object {
        "AuthorizationType": "NONE",
        "HttpMethod": "OPTIONS",
        "Integration": Object {
          "IntegrationResponses": Array [
            Object {
              "ResponseParameters": Object {
                "method.response.header.Access-Control-Allow-Credentials": "'true'",
                "method.response.header.Access-Control-Allow-Headers": "'Content-Type,X-Amz-Date,Authorization,X-Api-Key'",
                "method.response.header.Access-Control-Allow-Methods": "'OPTIONS,POST'",
                "method.response.header.Access-Control-Allow-Origin": "'*'",
              },
              "StatusCode": "204",
            },
          ],
          "RequestTemplates": Object {
            "application/json": "{ statusCode: 200 }",
          },
          "Type": "MOCK",
        },
        "MethodResponses": Array [
          Object {
            "ResponseParameters": Object {
              "method.response.header.Access-Control-Allow-Credentials": true,
              "method.response.header.Access-Control-Allow-Headers": true,
              "method.response.header.Access-Control-Allow-Methods": true,
              "method.response.header.Access-Control-Allow-Origin": true,
            },
            "StatusCode": "204",
          },
        ],
        "ResourceId": Object {
          "Fn::GetAtt": Array [
            "infrastructureChimeSDKMeetingAPI0524B384",
            "RootResourceId",
          ],
        },
        "RestApiId": Object {
          "Ref": "infrastructureChimeSDKMeetingAPI0524B384",
        },
      },
      "Type": "AWS::ApiGateway::Method",
    },
    "infrastructureChimeSDKMeetingAPIend5647DEB6": Object {
      "Properties": Object {
        "ParentId": Object {
          "Fn::GetAtt": Array [
            "infrastructureChimeSDKMeetingAPI0524B384",
            "RootResourceId",
          ],
        },
        "PathPart": "end",
        "RestApiId": Object {
          "Ref": "infrastructureChimeSDKMeetingAPI0524B384",
        },
      },
      "Type": "AWS::ApiGateway::Resource",
    },
    "infrastructureChimeSDKMeetingAPIendOPTIONS531B838C": Object {
      "Properties": Object {
        "AuthorizationType": "NONE",
        "HttpMethod": "OPTIONS",
        "Integration": Object {
          "IntegrationResponses": Array [
            Object {
              "ResponseParameters": Object {
                "method.response.header.Access-Control-Allow-Credentials": "'true'",
                "method.response.header.Access-Control-Allow-Headers": "'Content-Type,X-Amz-Date,Authorization,X-Api-Key'",
                "method.response.header.Access-Control-Allow-Methods": "'OPTIONS,POST'",
                "method.response.header.Access-Control-Allow-Origin": "'*'",
              },
              "StatusCode": "204",
            },
          ],
          "RequestTemplates": Object {
            "application/json": "{ statusCode: 200 }",
          },
          "Type": "MOCK",
        },
        "MethodResponses": Array [
          Object {
            "ResponseParameters": Object {
              "method.response.header.Access-Control-Allow-Credentials": true,
              "method.response.header.Access-Control-Allow-Headers": true,
              "method.response.header.Access-Control-Allow-Methods": true,
              "method.response.header.Access-Control-Allow-Origin": true,
            },
            "StatusCode": "204",
          },
        ],
        "ResourceId": Object {
          "Ref": "infrastructureChimeSDKMeetingAPIend5647DEB6",
        },
        "RestApiId": Object {
          "Ref": "infrastructureChimeSDKMeetingAPI0524B384",
        },
      },
      "Type": "AWS::ApiGateway::Method",
    },
    "infrastructureChimeSDKMeetingAPIendPOSTApiPermissionBackEndinfrastructureChimeSDKMeetingAPI1958F59DPOSTend689EAC45": Object {
      "Properties": Object {
        "Action": "lambda:InvokeFunction",
        "FunctionName": Object {
          "Fn::GetAtt": Array [
            "infrastructuremeetingLambda262F5C95",
            "Arn",
          ],
        },
        "Principal": "apigateway.amazonaws.com",
        "SourceArn": Object {
          "Fn::Join": Array [
            "",
            Array [
              "arn:",
              Object {
                "Ref": "AWS::Partition",
              },
              ":execute-api:",
              Object {
                "Ref": "AWS::Region",
              },
              ":",
              Object {
                "Ref": "AWS::AccountId",
              },
              ":",
              Object {
                "Ref": "infrastructureChimeSDKMeetingAPI0524B384",
              },
              "/",
              Object {
                "Ref": "infrastructureChimeSDKMeetingAPIDeploymentStageprodDDE3819A",
              },
              "/POST/end",
            ],
          ],
        },
      },
      "Type": "AWS::Lambda::Permission",
    },
    "infrastructureChimeSDKMeetingAPIendPOSTApiPermissionTestBackEndinfrastructureChimeSDKMeetingAPI1958F59DPOSTendA5447B9B": Object {
      "Properties": Object {
        "Action": "lambda:InvokeFunction",
        "FunctionName": Object {
          "Fn::GetAtt": Array [
            "infrastructuremeetingLambda262F5C95",
            "Arn",
          ],
        },
        "Principal": "apigateway.amazonaws.com",
        "SourceArn": Object {
          "Fn::Join": Array [
            "",
            Array [
              "arn:",
              Object {
                "Ref": "AWS::Partition",
              },
              ":execute-api:",
              Object {
                "Ref": "AWS::Region",
              },
              ":",
              Object {
                "Ref": "AWS::AccountId",
              },
              ":",
              Object {
                "Ref": "infrastructureChimeSDKMeetingAPI0524B384",
              },
              "/test-invoke-stage/POST/end",
            ],
          ],
        },
      },
      "Type": "AWS::Lambda::Permission",
    },
    "infrastructureChimeSDKMeetingAPIendPOSTE9B3F16A": Object {
      "Properties": Object {
        "AuthorizationType": "NONE",
        "HttpMethod": "POST",
        "Integration": Object {
          "IntegrationHttpMethod": "POST",
          "Type": "AWS_PROXY",
          "Uri": Object {
            "Fn::Join": Array [
              "",
              Array [
                "arn:",
                Object {
                  "Ref": "AWS::Partition",
                },
                ":apigateway:",
                Object {
                  "Ref": "AWS::Region",
                },
                ":lambda:path/2015-03-31/functions/",
                Object {
                  "Fn::GetAtt": Array [
                    "infrastructuremeetingLambda262F5C95",
                    "Arn",
                  ],
                },
                "/invocations",
              ],
            ],
          },
        },
        "ResourceId": Object {
          "Ref": "infrastructureChimeSDKMeetingAPIend5647DEB6",
        },
        "RestApiId": Object {
          "Ref": "infrastructureChimeSDKMeetingAPI0524B384",
        },
      },
      "Type": "AWS::ApiGateway::Method",
    },
    "infrastructureChimeSDKMeetingAPIjoin290CDE2D": Object {
      "Properties": Object {
        "ParentId": Object {
          "Fn::GetAtt": Array [
            "infrastructureChimeSDKMeetingAPI0524B384",
            "RootResourceId",
          ],
        },
        "PathPart": "join",
        "RestApiId": Object {
          "Ref": "infrastructureChimeSDKMeetingAPI0524B384",
        },
      },
      "Type": "AWS::ApiGateway::Resource",
    },
    "infrastructureChimeSDKMeetingAPIjoinOPTIONS7CC1A74F": Object {
      "Properties": Object {
        "AuthorizationType": "NONE",
        "HttpMethod": "OPTIONS",
        "Integration": Object {
          "IntegrationResponses": Array [
            Object {
              "ResponseParameters": Object {
                "method.response.header.Access-Control-Allow-Credentials": "'true'",
                "method.response.header.Access-Control-Allow-Headers": "'Content-Type,X-Amz-Date,Authorization,X-Api-Key'",
                "method.response.header.Access-Control-Allow-Methods": "'OPTIONS,POST'",
                "method.response.header.Access-Control-Allow-Origin": "'*'",
              },
              "StatusCode": "204",
            },
          ],
          "RequestTemplates": Object {
            "application/json": "{ statusCode: 200 }",
          },
          "Type": "MOCK",
        },
        "MethodResponses": Array [
          Object {
            "ResponseParameters": Object {
              "method.response.header.Access-Control-Allow-Credentials": true,
              "method.response.header.Access-Control-Allow-Headers": true,
              "method.response.header.Access-Control-Allow-Methods": true,
              "method.response.header.Access-Control-Allow-Origin": true,
            },
            "StatusCode": "204",
          },
        ],
        "ResourceId": Object {
          "Ref": "infrastructureChimeSDKMeetingAPIjoin290CDE2D",
        },
        "RestApiId": Object {
          "Ref": "infrastructureChimeSDKMeetingAPI0524B384",
        },
      },
      "Type": "AWS::ApiGateway::Method",
    },
    "infrastructureChimeSDKMeetingAPIjoinPOST7D618D65": Object {
      "Properties": Object {
        "AuthorizationType": "NONE",
        "HttpMethod": "POST",
        "Integration": Object {
          "IntegrationHttpMethod": "POST",
          "Type": "AWS_PROXY",
          "Uri": Object {
            "Fn::Join": Array [
              "",
              Array [
                "arn:",
                Object {
                  "Ref": "AWS::Partition",
                },
                ":apigateway:",
                Object {
                  "Ref": "AWS::Region",
                },
                ":lambda:path/2015-03-31/functions/",
                Object {
                  "Fn::GetAtt": Array [
                    "infrastructuremeetingLambda262F5C95",
                    "Arn",
                  ],
                },
                "/invocations",
              ],
            ],
          },
        },
        "ResourceId": Object {
          "Ref": "infrastructureChimeSDKMeetingAPIjoin290CDE2D",
        },
        "RestApiId": Object {
          "Ref": "infrastructureChimeSDKMeetingAPI0524B384",
        },
      },
      "Type": "AWS::ApiGateway::Method",
    },
    "infrastructureChimeSDKMeetingAPIjoinPOSTApiPermissionBackEndinfrastructureChimeSDKMeetingAPI1958F59DPOSTjoin3CAC9B91": Object {
      "Properties": Object {
        "Action": "lambda:InvokeFunction",
        "FunctionName": Object {
          "Fn::GetAtt": Array [
            "infrastructuremeetingLambda262F5C95",
            "Arn",
          ],
        },
        "Principal": "apigateway.amazonaws.com",
        "SourceArn": Object {
          "Fn::Join": Array [
            "",
            Array [
              "arn:",
              Object {
                "Ref": "AWS::Partition",
              },
              ":execute-api:",
              Object {
                "Ref": "AWS::Region",
              },
              ":",
              Object {
                "Ref": "AWS::AccountId",
              },
              ":",
              Object {
                "Ref": "infrastructureChimeSDKMeetingAPI0524B384",
              },
              "/",
              Object {
                "Ref": "infrastructureChimeSDKMeetingAPIDeploymentStageprodDDE3819A",
              },
              "/POST/join",
            ],
          ],
        },
      },
      "Type": "AWS::Lambda::Permission",
    },
    "infrastructureChimeSDKMeetingAPIjoinPOSTApiPermissionTestBackEndinfrastructureChimeSDKMeetingAPI1958F59DPOSTjoin137F2A77": Object {
      "Properties": Object {
        "Action": "lambda:InvokeFunction",
        "FunctionName": Object {
          "Fn::GetAtt": Array [
            "infrastructuremeetingLambda262F5C95",
            "Arn",
          ],
        },
        "Principal": "apigateway.amazonaws.com",
        "SourceArn": Object {
          "Fn::Join": Array [
            "",
            Array [
              "arn:",
              Object {
                "Ref": "AWS::Partition",
              },
              ":execute-api:",
              Object {
                "Ref": "AWS::Region",
              },
              ":",
              Object {
                "Ref": "AWS::AccountId",
              },
              ":",
              Object {
                "Ref": "infrastructureChimeSDKMeetingAPI0524B384",
              },
              "/test-invoke-stage/POST/join",
            ],
          ],
        },
      },
      "Type": "AWS::Lambda::Permission",
    },
    "infrastructureChimeSDKMeetingAPIstreamE28D3C2F": Object {
      "Properties": Object {
        "ParentId": Object {
          "Fn::GetAtt": Array [
            "infrastructureChimeSDKMeetingAPI0524B384",
            "RootResourceId",
          ],
        },
        "PathPart": "stream",
        "RestApiId": Object {
          "Ref": "infrastructureChimeSDKMeetingAPI0524B384",
        },
      },
      "Type": "AWS::ApiGateway::Resource",
    },
    "infrastructureChimeSDKMeetingAPIstreamOPTIONS267A1BAB": Object {
      "Properties": Object {
        "AuthorizationType": "NONE",
        "HttpMethod": "OPTIONS",
        "Integration": Object {
          "IntegrationResponses": Array [
            Object {
              "ResponseParameters": Object {
                "method.response.header.Access-Control-Allow-Credentials": "'true'",
                "method.response.header.Access-Control-Allow-Headers": "'Content-Type,X-Amz-Date,Authorization,X-Api-Key'",
                "method.response.header.Access-Control-Allow-Methods": "'OPTIONS,POST'",
                "method.response.header.Access-Control-Allow-Origin": "'*'",
              },
              "StatusCode": "204",
            },
          ],
          "RequestTemplates": Object {
            "application/json": "{ statusCode: 200 }",
          },
          "Type": "MOCK",
        },
        "MethodResponses": Array [
          Object {
            "ResponseParameters": Object {
              "method.response.header.Access-Control-Allow-Credentials": true,
              "method.response.header.Access-Control-Allow-Headers": true,
              "method.response.header.Access-Control-Allow-Methods": true,
              "method.response.header.Access-Control-Allow-Origin": true,
            },
            "StatusCode": "204",
          },
        ],
        "ResourceId": Object {
          "Ref": "infrastructureChimeSDKMeetingAPIstreamE28D3C2F",
        },
        "RestApiId": Object {
          "Ref": "infrastructureChimeSDKMeetingAPI0524B384",
        },
      },
      "Type": "AWS::ApiGateway::Method",
    },
    "infrastructureChimeSDKMeetingAPIstreamPOSTApiPermissionBackEndinfrastructureChimeSDKMeetingAPI1958F59DPOSTstream37C8AA0E": Object {
      "Properties": Object {
        "Action": "lambda:InvokeFunction",
        "FunctionName": Object {
          "Fn::GetAtt": Array [
            "infrastructuremeetingLambda262F5C95",
            "Arn",
          ],
        },
        "Principal": "apigateway.amazonaws.com",
        "SourceArn": Object {
          "Fn::Join": Array [
            "",
            Array [
              "arn:",
              Object {
                "Ref": "AWS::Partition",
              },
              ":execute-api:",
              Object {
                "Ref": "AWS::Region",
              },
              ":",
              Object {
                "Ref": "AWS::AccountId",
              },
              ":",
              Object {
                "Ref": "infrastructureChimeSDKMeetingAPI0524B384",
              },
              "/",
              Object {
                "Ref": "infrastructureChimeSDKMeetingAPIDeploymentStageprodDDE3819A",
              },
              "/POST/stream",
            ],
          ],
        },
      },
      "Type": "AWS::Lambda::Permission",
    },
    "infrastructureChimeSDKMeetingAPIstreamPOSTApiPermissionTestBackEndinfrastructureChimeSDKMeetingAPI1958F59DPOSTstream5364A400": Object {
      "Properties": Object {
        "Action": "lambda:InvokeFunction",
        "FunctionName": Object {
          "Fn::GetAtt": Array [
            "infrastructuremeetingLambda262F5C95",
            "Arn",
          ],
        },
        "Principal": "apigateway.amazonaws.com",
        "SourceArn": Object {
          "Fn::Join": Array [
            "",
            Array [
              "arn:",
              Object {
                "Ref": "AWS::Partition",
              },
              ":execute-api:",
              Object {
                "Ref": "AWS::Region",
              },
              ":",
              Object {
                "Ref": "AWS::AccountId",
              },
              ":",
              Object {
                "Ref": "infrastructureChimeSDKMeetingAPI0524B384",
              },
              "/test-invoke-stage/POST/stream",
            ],
          ],
        },
      },
      "Type": "AWS::Lambda::Permission",
    },
    "infrastructureChimeSDKMeetingAPIstreamPOSTB640DEF2": Object {
      "Properties": Object {
        "AuthorizationType": "NONE",
        "HttpMethod": "POST",
        "Integration": Object {
          "IntegrationHttpMethod": "POST",
          "Type": "AWS_PROXY",
          "Uri": Object {
            "Fn::Join": Array [
              "",
              Array [
                "arn:",
                Object {
                  "Ref": "AWS::Partition",
                },
                ":apigateway:",
                Object {
                  "Ref": "AWS::Region",
                },
                ":lambda:path/2015-03-31/functions/",
                Object {
                  "Fn::GetAtt": Array [
                    "infrastructuremeetingLambda262F5C95",
                    "Arn",
                  ],
                },
                "/invocations",
              ],
            ],
          },
        },
        "ResourceId": Object {
          "Ref": "infrastructureChimeSDKMeetingAPIstreamE28D3C2F",
        },
        "RestApiId": Object {
          "Ref": "infrastructureChimeSDKMeetingAPI0524B384",
        },
      },
      "Type": "AWS::ApiGateway::Method",
    },
    "infrastructureinfrastructureRole7CDA6EE1": Object {
      "Properties": Object {
        "AssumeRolePolicyDocument": Object {
          "Statement": Array [
            Object {
              "Action": "sts:AssumeRole",
              "Effect": "Allow",
              "Principal": Object {
                "Service": "lambda.amazonaws.com",
              },
            },
          ],
          "Version": "2012-10-17",
        },
        "ManagedPolicyArns": Array [
          Object {
            "Fn::Join": Array [
              "",
              Array [
                "arn:",
                Object {
                  "Ref": "AWS::Partition",
                },
                ":iam::aws:policy/service-role/AWSLambdaBasicExecutionRole",
              ],
            ],
          },
        ],
        "Policies": Array [
          Object {
            "PolicyDocument": Object {
              "Statement": Array [
                Object {
                  "Action": "chime:*",
                  "Effect": "Allow",
                  "Resource": "*",
                },
              ],
              "Version": "2012-10-17",
            },
            "PolicyName": "chimePolicy",
          },
          Object {
            "PolicyDocument": Object {
              "Statement": Array [
                Object {
                  "Action": Array [
                    "ivs:CreateChannel",
                    "ivs:GetStream",
                  ],
                  "Effect": "Allow",
                  "Resource": "*",
                },
              ],
              "Version": "2012-10-17",
            },
            "PolicyName": "ivsPolicy",
          },
        ],
      },
      "Type": "AWS::IAM::Role",
    },
    "infrastructureinfrastructureRoleDefaultPolicy8A8149BB": Object {
      "Properties": Object {
        "PolicyDocument": Object {
          "Statement": Array [
            Object {
              "Action": Array [
                "dynamodb:BatchGetItem",
                "dynamodb:GetRecords",
                "dynamodb:GetShardIterator",
                "dynamodb:Query",
                "dynamodb:GetItem",
                "dynamodb:Scan",
                "dynamodb:ConditionCheckItem",
                "dynamodb:BatchWriteItem",
                "dynamodb:PutItem",
                "dynamodb:UpdateItem",
                "dynamodb:DeleteItem",
                "dynamodb:DescribeTable",
              ],
              "Effect": "Allow",
              "Resource": Array [
                Object {
                  "Fn::GetAtt": Array [
                    "infrastructuremeetings3685B870",
                    "Arn",
                  ],
                },
                Object {
                  "Ref": "AWS::NoValue",
                },
              ],
            },
          ],
          "Version": "2012-10-17",
        },
        "PolicyName": "infrastructureinfrastructureRoleDefaultPolicy8A8149BB",
        "Roles": Array [
          Object {
            "Ref": "infrastructureinfrastructureRole7CDA6EE1",
          },
        ],
      },
      "Type": "AWS::IAM::Policy",
    },
    "infrastructuremeetingLambda262F5C95": Object {
      "DependsOn": Array [
        "infrastructureinfrastructureRoleDefaultPolicy8A8149BB",
        "infrastructureinfrastructureRole7CDA6EE1",
      ],
      "Properties": Object {
        "Architectures": Array [
          "arm64",
        ],
        "Code": Object {
          "S3Bucket": Object {
            "Fn::Sub": "cdk-hnb659fds-assets-\${AWS::AccountId}-\${AWS::Region}",
          },
          "S3Key": "cc49966ea9dfbd09b4e9a334c7019a4c3eb5abdbb0fce1f1ed2e01b429441148.zip",
        },
        "Environment": Object {
          "Variables": Object {
            "AWS_NODEJS_CONNECTION_REUSE_ENABLED": "1",
            "MEETINGS_TABLE": Object {
              "Ref": "infrastructuremeetings3685B870",
            },
          },
        },
        "Handler": "index.handler",
        "Role": Object {
          "Fn::GetAtt": Array [
            "infrastructureinfrastructureRole7CDA6EE1",
            "Arn",
          ],
        },
        "Runtime": "nodejs16.x",
        "Timeout": 60,
      },
      "Type": "AWS::Lambda::Function",
    },
    "infrastructuremeetings3685B870": Object {
      "DeletionPolicy": "Delete",
      "Properties": Object {
        "AttributeDefinitions": Array [
          Object {
            "AttributeName": "meetingId",
            "AttributeType": "S",
          },
        ],
        "BillingMode": "PAY_PER_REQUEST",
        "KeySchema": Array [
          Object {
            "AttributeName": "meetingId",
            "KeyType": "HASH",
          },
        ],
        "TimeToLiveSpecification": Object {
          "AttributeName": "timeToLive",
          "Enabled": true,
        },
      },
      "Type": "AWS::DynamoDB::Table",
      "UpdateReplacePolicy": "Delete",
    },
  },
  "Rules": Object {
    "CheckBootstrapVersion": Object {
      "Assertions": Array [
        Object {
          "Assert": Object {
            "Fn::Not": Array [
              Object {
                "Fn::Contains": Array [
                  Array [
                    "1",
                    "2",
                    "3",
                    "4",
                    "5",
                  ],
                  Object {
                    "Ref": "BootstrapVersion",
                  },
                ],
              },
            ],
          },
          "AssertDescription": "CDK bootstrap stack version 6 required. Please run 'cdk bootstrap' with a recent version of the CDK CLI.",
        },
      ],
    },
  },
}
`;
